Archive member included to satisfy reference by file (symbol)

C:/Tools/xpack-arm-none-eabi-gcc-14.2.1-1.1/bin/../lib/gcc/arm-none-eabi/14.2.1/../../../../arm-none-eabi/lib/thumb/v8-m.main+fp/hard\libc_nano.a(libc_a-atexit.o)
                              C:/Tools/xpack-arm-none-eabi-gcc-14.2.1-1.1/bin/../lib/gcc/arm-none-eabi/14.2.1/../../../../arm-none-eabi/lib/thumb/v8-m.main+fp/hard/crt0.o (atexit)
C:/Tools/xpack-arm-none-eabi-gcc-14.2.1-1.1/bin/../lib/gcc/arm-none-eabi/14.2.1/../../../../arm-none-eabi/lib/thumb/v8-m.main+fp/hard\libc_nano.a(libc_a-exit.o)
                              C:/Tools/xpack-arm-none-eabi-gcc-14.2.1-1.1/bin/../lib/gcc/arm-none-eabi/14.2.1/../../../../arm-none-eabi/lib/thumb/v8-m.main+fp/hard/crt0.o (exit)
C:/Tools/xpack-arm-none-eabi-gcc-14.2.1-1.1/bin/../lib/gcc/arm-none-eabi/14.2.1/../../../../arm-none-eabi/lib/thumb/v8-m.main+fp/hard\libc_nano.a(libc_a-findfp.o)
                              C:/Tools/xpack-arm-none-eabi-gcc-14.2.1-1.1/bin/../lib/gcc/arm-none-eabi/14.2.1/../../../../arm-none-eabi/lib/thumb/v8-m.main+fp/hard\libc_nano.a(libc_a-exit.o) (__stdio_exit_handler)
C:/Tools/xpack-arm-none-eabi-gcc-14.2.1-1.1/bin/../lib/gcc/arm-none-eabi/14.2.1/../../../../arm-none-eabi/lib/thumb/v8-m.main+fp/hard\libc_nano.a(libc_a-fwalk.o)
                              C:/Tools/xpack-arm-none-eabi-gcc-14.2.1-1.1/bin/../lib/gcc/arm-none-eabi/14.2.1/../../../../arm-none-eabi/lib/thumb/v8-m.main+fp/hard\libc_nano.a(libc_a-findfp.o) (_fwalk_sglue)
C:/Tools/xpack-arm-none-eabi-gcc-14.2.1-1.1/bin/../lib/gcc/arm-none-eabi/14.2.1/../../../../arm-none-eabi/lib/thumb/v8-m.main+fp/hard\libc_nano.a(libc_a-stdio.o)
                              C:/Tools/xpack-arm-none-eabi-gcc-14.2.1-1.1/bin/../lib/gcc/arm-none-eabi/14.2.1/../../../../arm-none-eabi/lib/thumb/v8-m.main+fp/hard\libc_nano.a(libc_a-findfp.o) (__sread)
C:/Tools/xpack-arm-none-eabi-gcc-14.2.1-1.1/bin/../lib/gcc/arm-none-eabi/14.2.1/../../../../arm-none-eabi/lib/thumb/v8-m.main+fp/hard\libc_nano.a(libc_a-memset.o)
                              C:/Tools/xpack-arm-none-eabi-gcc-14.2.1-1.1/bin/../lib/gcc/arm-none-eabi/14.2.1/../../../../arm-none-eabi/lib/thumb/v8-m.main+fp/hard/crt0.o (memset)
C:/Tools/xpack-arm-none-eabi-gcc-14.2.1-1.1/bin/../lib/gcc/arm-none-eabi/14.2.1/../../../../arm-none-eabi/lib/thumb/v8-m.main+fp/hard\libc_nano.a(libc_a-closer.o)
                              C:/Tools/xpack-arm-none-eabi-gcc-14.2.1-1.1/bin/../lib/gcc/arm-none-eabi/14.2.1/../../../../arm-none-eabi/lib/thumb/v8-m.main+fp/hard\libc_nano.a(libc_a-stdio.o) (_close_r)
C:/Tools/xpack-arm-none-eabi-gcc-14.2.1-1.1/bin/../lib/gcc/arm-none-eabi/14.2.1/../../../../arm-none-eabi/lib/thumb/v8-m.main+fp/hard\libc_nano.a(libc_a-reent.o)
                              C:/Tools/xpack-arm-none-eabi-gcc-14.2.1-1.1/bin/../lib/gcc/arm-none-eabi/14.2.1/../../../../arm-none-eabi/lib/thumb/v8-m.main+fp/hard\libc_nano.a(libc_a-closer.o) (errno)
C:/Tools/xpack-arm-none-eabi-gcc-14.2.1-1.1/bin/../lib/gcc/arm-none-eabi/14.2.1/../../../../arm-none-eabi/lib/thumb/v8-m.main+fp/hard\libc_nano.a(libc_a-impure.o)
                              C:/Tools/xpack-arm-none-eabi-gcc-14.2.1-1.1/bin/../lib/gcc/arm-none-eabi/14.2.1/../../../../arm-none-eabi/lib/thumb/v8-m.main+fp/hard\libc_nano.a(libc_a-reent.o) (_impure_ptr)
C:/Tools/xpack-arm-none-eabi-gcc-14.2.1-1.1/bin/../lib/gcc/arm-none-eabi/14.2.1/../../../../arm-none-eabi/lib/thumb/v8-m.main+fp/hard\libc_nano.a(libc_a-lseekr.o)
                              C:/Tools/xpack-arm-none-eabi-gcc-14.2.1-1.1/bin/../lib/gcc/arm-none-eabi/14.2.1/../../../../arm-none-eabi/lib/thumb/v8-m.main+fp/hard\libc_nano.a(libc_a-stdio.o) (_lseek_r)
C:/Tools/xpack-arm-none-eabi-gcc-14.2.1-1.1/bin/../lib/gcc/arm-none-eabi/14.2.1/../../../../arm-none-eabi/lib/thumb/v8-m.main+fp/hard\libc_nano.a(libc_a-readr.o)
                              C:/Tools/xpack-arm-none-eabi-gcc-14.2.1-1.1/bin/../lib/gcc/arm-none-eabi/14.2.1/../../../../arm-none-eabi/lib/thumb/v8-m.main+fp/hard\libc_nano.a(libc_a-stdio.o) (_read_r)
C:/Tools/xpack-arm-none-eabi-gcc-14.2.1-1.1/bin/../lib/gcc/arm-none-eabi/14.2.1/../../../../arm-none-eabi/lib/thumb/v8-m.main+fp/hard\libc_nano.a(libc_a-writer.o)
                              C:/Tools/xpack-arm-none-eabi-gcc-14.2.1-1.1/bin/../lib/gcc/arm-none-eabi/14.2.1/../../../../arm-none-eabi/lib/thumb/v8-m.main+fp/hard\libc_nano.a(libc_a-stdio.o) (_write_r)
C:/Tools/xpack-arm-none-eabi-gcc-14.2.1-1.1/bin/../lib/gcc/arm-none-eabi/14.2.1/../../../../arm-none-eabi/lib/thumb/v8-m.main+fp/hard\libc_nano.a(libc_a-errno.o)
                              CMakeFiles/FSP_Project.elf.dir/ra/fsp/src/bsp/mcu/all/bsp_sbrk.c.obj (__errno)
C:/Tools/xpack-arm-none-eabi-gcc-14.2.1-1.1/bin/../lib/gcc/arm-none-eabi/14.2.1/../../../../arm-none-eabi/lib/thumb/v8-m.main+fp/hard\libc_nano.a(libc_a-init.o)
[...]
Memory Configuration

Name             Origin             Length             Attributes
RAM              0x20000000         0x00080000         xrw
FLASH            0x00000000         0x00200000         xr
DATA_FLASH       0x08000000         0x00002000         xr
QSPI_FLASH       0x60000000         0x04000000         xr
OSPI0_CS0        0x68000000         0x08000000         xrw
OSPI0_CS1        0x70000000         0x10000000         xr
OPTION_SETTING_OFS0 0x0100a100         0x00000004         r
OPTION_SETTING_DUALSEL 0x0100a110         0x00000004         r
OPTION_SETTING_OFS1 0x0100a180         0x00000004         r
OPTION_SETTING_BANKSEL 0x0100a190         0x00000004         r
OPTION_SETTING_BPS 0x0100a1c0         0x00000010         r
OPTION_SETTING_PBPS 0x0100a1e0         0x00000010         r
OPTION_SETTING_OFS1_SEC 0x0100a200         0x00000004         r
OPTION_SETTING_BANKSEL_SEC 0x0100a210         0x00000004         r
OPTION_SETTING_BPS_SEC 0x0100a240         0x00000010         r
OPTION_SETTING_PBPS_SEC 0x0100a260         0x00000010         r
OPTION_SETTING_OFS1_SEL 0x0100a280         0x00000004         r
OPTION_SETTING_BANKSEL_SEL 0x0100a290         0x00000004         r
OPTION_SETTING_BPS_SEL 0x0100a2c0         0x00000010         r
*default*        0x00000000         0xffffffff

Linker script and memory map

LOAD C:/Tools/xpack-arm-none-eabi-gcc-14.2.1-1.1/bin/../lib/gcc/arm-none-eabi/14.2.1/thumb/v8-m.main+fp/hard/crti.o
LOAD C:/Tools/xpack-arm-none-eabi-gcc-14.2.1-1.1/bin/../lib/gcc/arm-none-eabi/14.2.1/thumb/v8-m.main+fp/hard/crtbegin.o
LOAD C:/Tools/xpack-arm-none-eabi-gcc-14.2.1-1.1/bin/../lib/gcc/arm-none-eabi/14.2.1/../../../../arm-none-eabi/lib/thumb/v8-m.main+fp/hard/crt0.o
LOAD CMakeFiles/FSP_Project.elf.dir/ra/aws/FreeRTOS/FreeRTOS/Source/event_groups.c.obj
LOAD CMakeFiles/FSP_Project.elf.dir/ra/aws/FreeRTOS/FreeRTOS/Source/list.c.obj
LOAD CMakeFiles/FSP_Project.elf.dir/ra/aws/FreeRTOS/FreeRTOS/Source/queue.c.obj
LOAD CMakeFiles/FSP_Project.elf.dir/ra/aws/FreeRTOS/FreeRTOS/Source/stream_buffer.c.obj
LOAD CMakeFiles/FSP_Project.elf.dir/ra/aws/FreeRTOS/FreeRTOS/Source/tasks.c.obj
LOAD CMakeFiles/FSP_Project.elf.dir/ra/aws/FreeRTOS/FreeRTOS/Source/timers.c.obj
LOAD CMakeFiles/FSP_Project.elf.dir/ra/board/ra6m5_ck/board_init.c.obj
LOAD CMakeFiles/FSP_Project.elf.dir/ra/board/ra6m5_ck/board_leds.c.obj
LOAD CMakeFiles/FSP_Project.elf.dir/ra/fsp/src/bsp/cmsis/Device/RENESAS/Source/startup.c.obj
LOAD CMakeFiles/FSP_Project.elf.dir/ra/fsp/src/bsp/cmsis/Device/RENESAS/Source/system.c.obj
LOAD CMakeFiles/FSP_Project.elf.dir/ra/fsp/src/bsp/mcu/all/bsp_clocks.c.obj
LOAD CMakeFiles/FSP_Project.elf.dir/ra/fsp/src/bsp/mcu/all/bsp_common.c.obj
LOAD CMakeFiles/FSP_Project.elf.dir/ra/fsp/src/bsp/mcu/all/bsp_delay.c.obj
LOAD CMakeFiles/FSP_Project.elf.dir/ra/fsp/src/bsp/mcu/all/bsp_group_irq.c.obj
LOAD CMakeFiles/FSP_Project.elf.dir/ra/fsp/src/bsp/mcu/all/bsp_guard.c.obj
LOAD CMakeFiles/FSP_Project.elf.dir/ra/fsp/src/bsp/mcu/all/bsp_io.c.obj
LOAD CMakeFiles/FSP_Project.elf.dir/ra/fsp/src/bsp/mcu/all/bsp_ipc.c.obj
LOAD CMakeFiles/FSP_Project.elf.dir/ra/fsp/src/bsp/mcu/all/bsp_irq.c.obj
LOAD CMakeFiles/FSP_Project.elf.dir/ra/fsp/src/bsp/mcu/all/bsp_macl.c.obj
LOAD CMakeFiles/FSP_Project.elf.dir/ra/fsp/src/bsp/mcu/all/bsp_ospi_b.c.obj
LOAD CMakeFiles/FSP_Project.elf.dir/ra/fsp/src/bsp/mcu/all/bsp_register_protection.c.obj
LOAD CMakeFiles/FSP_Project.elf.dir/ra/fsp/src/bsp/mcu/all/bsp_sbrk.c.obj
LOAD CMakeFiles/FSP_Project.elf.dir/ra/fsp/src/bsp/mcu/all/bsp_sdram.c.obj
LOAD CMakeFiles/FSP_Project.elf.dir/ra/fsp/src/bsp/mcu/all/bsp_security.c.obj
LOAD CMakeFiles/FSP_Project.elf.dir/ra/fsp/src/bsp/mcu/ra6m5/bsp_linker.c.obj
LOAD CMakeFiles/FSP_Project.elf.dir/ra/fsp/src/r_ioport/r_ioport.c.obj
LOAD CMakeFiles/FSP_Project.elf.dir/ra/fsp/src/rm_freertos_port/port.c.obj
LOAD CMakeFiles/FSP_Project.elf.dir/ra_gen/blinky_thread.c.obj
LOAD CMakeFiles/FSP_Project.elf.dir/ra_gen/common_data.c.obj
LOAD CMakeFiles/FSP_Project.elf.dir/ra_gen/hal_data.c.obj
LOAD CMakeFiles/FSP_Project.elf.dir/ra_gen/main.c.obj
LOAD CMakeFiles/FSP_Project.elf.dir/ra_gen/pin_data.c.obj
LOAD CMakeFiles/FSP_Project.elf.dir/ra_gen/vector_data.c.obj
LOAD CMakeFiles/FSP_Project.elf.dir/src/blinky_thread_entry.c.obj
LOAD CMakeFiles/FSP_Project.elf.dir/src/hal_warmstart.c.obj
START GROUP
LOAD C:/Tools/xpack-arm-none-eabi-gcc-14.2.1-1.1/bin/../lib/gcc/arm-none-eabi/14.2.1/thumb/v8-m.main+fp/hard\libgcc.a
LOAD C:/Tools/xpack-arm-none-eabi-gcc-14.2.1-1.1/bin/../lib/gcc/arm-none-eabi/14.2.1/../../../../arm-none-eabi/lib/thumb/v8-m.main+fp/hard\libc_nano.a
END GROUP
START GROUP
LOAD C:/Tools/xpack-arm-none-eabi-gcc-14.2.1-1.1/bin/../lib/gcc/arm-none-eabi/14.2.1/thumb/v8-m.main+fp/hard\libgcc.a
LOAD C:/Tools/xpack-arm-none-eabi-gcc-14.2.1-1.1/bin/../lib/gcc/arm-none-eabi/14.2.1/../../../../arm-none-eabi/lib/thumb/v8-m.main+fp/hard\libc_nano.a
END GROUP
LOAD C:/Tools/xpack-arm-none-eabi-gcc-14.2.1-1.1/bin/../lib/gcc/arm-none-eabi/14.2.1/thumb/v8-m.main+fp/hard/crtend.o
LOAD C:/Tools/xpack-arm-none-eabi-gcc-14.2.1-1.1/bin/../lib/gcc/arm-none-eabi/14.2.1/thumb/v8-m.main+fp/hard/crtn.o
                0x20000000                        RAM_START = 0x20000000
                0x00080000                        RAM_LENGTH = 0x80000
                0x00000000                        FLASH_START = 0x0
                0x00200000                        FLASH_LENGTH = 0x200000
                0x08000000                        DATA_FLASH_START = 0x8000000
                0x00002000                        DATA_FLASH_LENGTH = 0x2000
                0x60000000                        QSPI_FLASH_START = 0x60000000
                0x04000000                        QSPI_FLASH_LENGTH = 0x4000000
                0x68000000                        OSPI0_CS0_START = 0x68000000
                0x08000000                        OSPI0_CS0_LENGTH = 0x8000000
                0x70000000                        OSPI0_CS1_START = 0x70000000
                0x10000000                        OSPI0_CS1_LENGTH = 0x10000000
                0x0100a100                        OPTION_SETTING_OFS0_START = 0x100a100
                0x00000004                        OPTION_SETTING_OFS0_LENGTH = 0x4
                0x0100a110                        OPTION_SETTING_DUALSEL_START = 0x100a110
                0x00000004                        OPTION_SETTING_DUALSEL_LENGTH = 0x4
                0x0100a180                        OPTION_SETTING_OFS1_START = 0x100a180
                0x00000004                        OPTION_SETTING_OFS1_LENGTH = 0x4
                0x0100a190                        OPTION_SETTING_BANKSEL_START = 0x100a190
                0x00000004                        OPTION_SETTING_BANKSEL_LENGTH = 0x4
                0x0100a1c0                        OPTION_SETTING_BPS_START = 0x100a1c0
                0x00000010                        OPTION_SETTING_BPS_LENGTH = 0x10
                0x0100a1e0                        OPTION_SETTING_PBPS_START = 0x100a1e0
                0x00000010                        OPTION_SETTING_PBPS_LENGTH = 0x10
                0x0100a200                        OPTION_SETTING_OFS1_SEC_START = 0x100a200
                0x00000004                        OPTION_SETTING_OFS1_SEC_LENGTH = 0x4
                0x0100a210                        OPTION_SETTING_BANKSEL_SEC_START = 0x100a210
                0x00000004                        OPTION_SETTING_BANKSEL_SEC_LENGTH = 0x4
                0x0100a240                        OPTION_SETTING_BPS_SEC_START = 0x100a240
                0x00000010                        OPTION_SETTING_BPS_SEC_LENGTH = 0x10
                0x0100a260                        OPTION_SETTING_PBPS_SEC_START = 0x100a260
                0x00000010                        OPTION_SETTING_PBPS_SEC_LENGTH = 0x10
                0x0100a280                        OPTION_SETTING_OFS1_SEL_START = 0x100a280
                0x00000004                        OPTION_SETTING_OFS1_SEL_LENGTH = 0x4
                0x0100a290                        OPTION_SETTING_BANKSEL_SEL_START = 0x100a290
                0x00000004                        OPTION_SETTING_BANKSEL_SEL_LENGTH = 0x4
                0x0100a2c0                        OPTION_SETTING_BPS_SEL_START = 0x100a2c0
                0x00000010                        OPTION_SETTING_BPS_SEL_LENGTH = 0x10
START GROUP
LOAD C:/Tools/xpack-arm-none-eabi-gcc-14.2.1-1.1/bin/../lib/gcc/arm-none-eabi/14.2.1/thumb/v8-m.main+fp/hard\libgcc.a
LOAD C:/Tools/xpack-arm-none-eabi-gcc-14.2.1-1.1/bin/../lib/gcc/arm-none-eabi/14.2.1/../../../../arm-none-eabi/lib/thumb/v8-m.main+fp/hard\libc.a
LOAD C:/Tools/xpack-arm-none-eabi-gcc-14.2.1-1.1/bin/../lib/gcc/arm-none-eabi/14.2.1/../../../../arm-none-eabi/lib/thumb/v8-m.main+fp/hard\libm.a
END GROUP

.qspi_flash.startof
                0x60000000        0x0
                0x60000000                        __ddsc_QSPI_FLASH_START = .

.ospi0_cs0.startof
                0x68000000        0x0
                0x68000000                        __ddsc_OSPI0_CS0_START = .

__ospi0_cs0_from_qspi_flash$$
                0x68000000        0x0 load address 0x60000000
                0x68000000                        __ospi0_cs0_from_qspi_flash$$Base = .
                0x60000000                        __ospi0_cs0_from_qspi_flash$$Load = LOADADDR (__ospi0_cs0_from_qspi_flash$$)
 *(.ospi0_cs0_from_qspi_flash)
 *(.ospi0_cs0_code_from_qspi_flash)
                0x68000000                        __ospi0_cs0_from_qspi_flash$$Limit = .

.ram.startof    0x20000000        0x0
                0x20000000                        __ddsc_RAM_START = .

__ram_dtc_vector$$
                0x20000000        0x0
                0x20000000                        __ram_dtc_vector$$Base = .
 *(.fsp_dtc_vector_table)
                0x20000000                        __ram_dtc_vector$$Limit = .

__ram_from_qspi_flash$$
                0x20000000        0x0 load address 0x60000000
                0x20000000                        __ram_from_qspi_flash$$Base = .
                0x60000000                        __ram_from_qspi_flash$$Load = LOADADDR (__ram_from_qspi_flash$$)
 *(.ram_from_qspi_flash)
 *(.ram_code_from_qspi_flash)
                0x20000000                        __ram_from_qspi_flash$$Limit = .

__qspi_flash_readonly$$
                0x60000000        0x0
                0x60000000                        __qspi_flash_readonly$$Base = .
 *(.qspi_flash)
 *(.qspi_flash_code)
                0x60000000                        __qspi_flash_readonly$$Limit = .

__qspi_flash_noinit$$
                0x60000000        0x0
                0x60000000                        __qspi_flash_noinit$$Base = .
 *(.qspi_flash_noinit)
                0x60000000                        __qspi_flash_noinit$$Limit = .

.qspi_flash.endof
                0x60000000        0x0
                0x60000000                        __ddsc_QSPI_FLASH_END = .

.ospi0_cs1.startof
                0x70000000        0x0
                0x70000000                        __ddsc_OSPI0_CS1_START = .

__ospi0_cs0_from_ospi0_cs1$$
                0x68000000        0x0 load address 0x70000000
                0x68000000                        __ospi0_cs0_from_ospi0_cs1$$Base = .
                0x70000000                        __ospi0_cs0_from_ospi0_cs1$$Load = LOADADDR (__ospi0_cs0_from_ospi0_cs1$$)
 *(.ospi0_cs0_from_ospi0_cs1)
 *(.ospi0_cs0_code_from_ospi0_cs1)
                0x68000000                        __ospi0_cs0_from_ospi0_cs1$$Limit = .

__ram_from_ospi0_cs1$$
                0x20000000        0x0 load address 0x70000000
                0x20000000                        __ram_from_ospi0_cs1$$Base = .
                0x70000000                        __ram_from_ospi0_cs1$$Load = LOADADDR (__ram_from_ospi0_cs1$$)
 *(.ram_from_ospi0_cs1)
 *(.ram_code_from_ospi0_cs1)
                0x20000000                        __ram_from_ospi0_cs1$$Limit = .

__ospi0_cs1_readonly$$
                0x70000000        0x0
                0x70000000                        __ospi0_cs1_readonly$$Base = .
 *(.ospi0_cs1)
 *(.ospi0_cs1_code)
                0x70000000                        __ospi0_cs1_readonly$$Limit = .

__ospi0_cs1_noinit$$
                0x70000000        0x0
                0x70000000                        __ospi0_cs1_noinit$$Base = .
 *(.ospi0_cs1_noinit)
                0x70000000                        __ospi0_cs1_noinit$$Limit = .

.ospi0_cs1.endof
                0x70000000        0x0
                0x70000000                        __ddsc_OSPI0_CS1_END = .

.data_flash.startof
                0x08000000        0x0
                0x08000000                        __ddsc_DATA_FLASH_START = .

__ospi0_cs0_from_data_flash$$
                0x68000000        0x0 load address 0x08000000
                0x68000000                        __ospi0_cs0_from_data_flash$$Base = .
                0x08000000                        __ospi0_cs0_from_data_flash$$Load = LOADADDR (__ospi0_cs0_from_data_flash$$)
 *(.ospi0_cs0_from_data_flash)
 *(.ospi0_cs0_code_from_data_flash)
                0x68000000                        __ospi0_cs0_from_data_flash$$Limit = .

__ram_from_data_flash$$
                0x20000000        0x0 load address 0x08000000
                0x20000000                        __ram_from_data_flash$$Base = .
                0x08000000                        __ram_from_data_flash$$Load = LOADADDR (__ram_from_data_flash$$)
 *(.ram_from_data_flash)
 *(.ram_code_from_data_flash)
                0x20000000                        __ram_from_data_flash$$Limit = .

__data_flash_readonly$$
                0x08000000        0x0
                0x08000000                        __data_flash_readonly$$Base = .
 *(.data_flash)
 *(.data_flash_code)
                0x08000000                        __data_flash_readonly$$Limit = .

__data_flash_noinit$$
                0x08000000        0x0
                0x08000000                        __data_flash_noinit$$Base = .
 *(.data_flash_noinit)
                0x08000000                        __data_flash_noinit$$Limit = .

.data_flash.endof
                0x08000000        0x0
                0x08000000                        __ddsc_DATA_FLASH_END = .

.flash.startof  0x00000000        0x0
                0x00000000                        __ddsc_FLASH_START = .

__flash_vectors$$
                0x00000000       0x40
                0x00000000                        __flash_vectors$$Base = .
                0x00000000                        _VECTORS = .
 *(.fixed_vectors)
 .fixed_vectors
                0x00000000       0x40 CMakeFiles/FSP_Project.elf.dir/ra/fsp/src/bsp/cmsis/Device/RENESAS/Source/startup.c.obj
                0x00000000                __Vectors
 *(.application_vectors)
                0x00000040                        __flash_vectors$$Limit = .

__flash_noinit$$
                0x00000040        0x0
                0x00000040                        __flash_noinit$$Base = .
 *(.flash_noinit)
                0x00000040                        __flash_noinit$$Limit = .

__ospi0_cs0_from_flash$$
                0x68000000        0x0 load address 0x00000040
                0x68000000                        __ospi0_cs0_from_flash$$Base = .
                0x00000040                        __ospi0_cs0_from_flash$$Load = LOADADDR (__ospi0_cs0_from_flash$$)
 *(.ospi0_cs0_from_flash)
 *(.ospi0_cs0_code_from_flash)
                0x68000000                        __ospi0_cs0_from_flash$$Limit = .

__ospi0_cs0_noinit_nocache$$
                0x68000000        0x0 load address 0x00000040
                0x68000000                        __ospi0_cs0_noinit_nocache$$Base = .
 *(.ospi0_cs0_noinit_nocache)
                0x68000000                        __ospi0_cs0_noinit_nocache$$Limit = .

__ospi0_cs0_zero_nocache$$
                0x68000000        0x0 load address 0x00000040
                0x68000000                        __ospi0_cs0_zero_nocache$$Base = .
 *(.ospi0_cs0_nocache)
                0x68000000                        . = ALIGN (0x20)
                0x68000000                        __ospi0_cs0_zero_nocache$$Limit = .

__ospi0_cs0_noinit$$
                0x68000000        0x0 load address 0x00000040
                0x68000000                        __ospi0_cs0_noinit$$Base = .
 *(.ospi0_cs0_noinit)
                0x68000000                        __ospi0_cs0_noinit$$Limit = .

__ospi0_cs0_zero$$
                0x68000000        0x0 load address 0x00000040
                0x68000000                        __ospi0_cs0_zero$$Base = .
 *(.ospi0_cs0)
                0x68000000                        __ospi0_cs0_zero$$Limit = .

.ospi0_cs0.endof
                0x68000000        0x0
                0x68000000                        __ddsc_OSPI0_CS0_END = .

__ram_from_flash$$
                0x20000000        0x0 load address 0x00000040
                0x20000000                        __ram_from_flash$$Base = .
                0x00000040                        __ram_from_flash$$Load = LOADADDR (__ram_from_flash$$)
 *(.ram_from_flash)
 *(.ram_code_from_flash)
 *(.data*)
 *(vtable)
                0x20000000                        __ram_from_flash$$Limit = .

__ram_noinit_nocache$$
                0x20000000        0x0 load address 0x00000040
                0x20000000                        __ram_noinit_nocache$$Base = .
 *(.ram_noinit_nocache)
                0x20000000                        __ram_noinit_nocache$$Limit = .

__ram_zero_nocache$$
                0x20000000        0x0 load address 0x00000040
                0x20000000                        __ram_zero_nocache$$Base = .
 *(.ram_nocache)
                0x20000000                        . = ALIGN (0x20)
                0x20000000                        __ram_zero_nocache$$Limit = .

__ram_noinit$$  0x20000000      0x41c load address 0x00000040
                0x20000000                        __ram_noinit$$Base = .
 *(.bss.g_heap)
 *(.bss.g_main_stack)
 .bss.g_main_stack
                0x20000000      0x400 CMakeFiles/FSP_Project.elf.dir/ra/fsp/src/bsp/cmsis/Device/RENESAS/Source/startup.c.obj
                0x20000000                g_main_stack
 *(.ram_noinit)
 .ram_noinit    0x20000400       0x1c CMakeFiles/FSP_Project.elf.dir/ra/fsp/src/bsp/mcu/all/bsp_clocks.c.obj
 *(.noinit)
                0x2000041c                        __ram_noinit$$Limit = .

__ram_zero$$    0x20000420      0x84c load address 0x00000040
                0x20000420                        __ram_zero$$Base = .
 *(.ram)
 *(.bss*)
 .bss.completed.1
                0x20000420        0x1 C:/Tools/xpack-arm-none-eabi-gcc-14.2.1-1.1/bin/../lib/gcc/arm-none-eabi/14.2.1/thumb/v8-m.main+fp/hard/crtbegin.o
 *fill*         0x20000421        0x3 
 .bss.object.0  0x20000424       0x18 C:/Tools/xpack-arm-none-eabi-gcc-14.2.1-1.1/bin/../lib/gcc/arm-none-eabi/14.2.1/thumb/v8-m.main+fp/hard/crtbegin.o
 *fill*         0x2000043c        0x4 
 .bss.xQueueRegistry
                0x20000440       0x50 CMakeFiles/FSP_Project.elf.dir/ra/aws/FreeRTOS/FreeRTOS/Source/queue.c.obj
                0x20000440                xQueueRegistry
 .bss.uxSchedulerSuspended
                0x20000490        0x4 CMakeFiles/FSP_Project.elf.dir/ra/aws/FreeRTOS/FreeRTOS/Source/tasks.c.obj
 .bss.xIdleTaskHandles
                0x20000494        0x4 CMakeFiles/FSP_Project.elf.dir/ra/aws/FreeRTOS/FreeRTOS/Source/tasks.c.obj
 .bss.xNextTaskUnblockTime
                0x20000498        0x4 CMakeFiles/FSP_Project.elf.dir/ra/aws/FreeRTOS/FreeRTOS/Source/tasks.c.obj
 .bss.uxTaskNumber
                0x2000049c        0x4 CMakeFiles/FSP_Project.elf.dir/ra/aws/FreeRTOS/FreeRTOS/Source/tasks.c.obj
 .bss.xNumOfOverflows
                0x200004a0        0x4 CMakeFiles/FSP_Project.elf.dir/ra/aws/FreeRTOS/FreeRTOS/Source/tasks.c.obj
 .bss.xYieldPendings
                0x200004a4        0x4 CMakeFiles/FSP_Project.elf.dir/ra/aws/FreeRTOS/FreeRTOS/Source/tasks.c.obj
 .bss.xPendedTicks
                0x200004a8        0x4 CMakeFiles/FSP_Project.elf.dir/ra/aws/FreeRTOS/FreeRTOS/Source/tasks.c.obj
 .bss.xSchedulerRunning
                0x200004ac        0x4 CMakeFiles/FSP_Project.elf.dir/ra/aws/FreeRTOS/FreeRTOS/Source/tasks.c.obj
 .bss.uxTopReadyPriority
                0x200004b0        0x4 CMakeFiles/FSP_Project.elf.dir/ra/aws/FreeRTOS/FreeRTOS/Source/tasks.c.obj
 .bss.xTickCount
                0x200004b4        0x4 CMakeFiles/FSP_Project.elf.dir/ra/aws/FreeRTOS/FreeRTOS/Source/tasks.c.obj
 .bss.uxCurrentNumberOfTasks
                0x200004b8        0x4 CMakeFiles/FSP_Project.elf.dir/ra/aws/FreeRTOS/FreeRTOS/Source/tasks.c.obj
 .bss.xSuspendedTaskList
                0x200004bc       0x14 CMakeFiles/FSP_Project.elf.dir/ra/aws/FreeRTOS/FreeRTOS/Source/tasks.c.obj
 .bss.uxDeletedTasksWaitingCleanUp
                0x200004d0        0x4 CMakeFiles/FSP_Project.elf.dir/ra/aws/FreeRTOS/FreeRTOS/Source/tasks.c.obj
 .bss.xTasksWaitingTermination
                0x200004d4       0x14 CMakeFiles/FSP_Project.elf.dir/ra/aws/FreeRTOS/FreeRTOS/Source/tasks.c.obj
 .bss.xPendingReadyList
                0x200004e8       0x14 CMakeFiles/FSP_Project.elf.dir/ra/aws/FreeRTOS/FreeRTOS/Source/tasks.c.obj
 .bss.pxOverflowDelayedTaskList
                0x200004fc        0x4 CMakeFiles/FSP_Project.elf.dir/ra/aws/FreeRTOS/FreeRTOS/Source/tasks.c.obj
 .bss.pxDelayedTaskList
                0x20000500        0x4 CMakeFiles/FSP_Project.elf.dir/ra/aws/FreeRTOS/FreeRTOS/Source/tasks.c.obj
 .bss.xDelayedTaskList2
                0x20000504       0x14 CMakeFiles/FSP_Project.elf.dir/ra/aws/FreeRTOS/FreeRTOS/Source/tasks.c.obj
 .bss.xDelayedTaskList1
                0x20000518       0x14 CMakeFiles/FSP_Project.elf.dir/ra/aws/FreeRTOS/FreeRTOS/Source/tasks.c.obj
 .bss.pxReadyTasksLists
                0x2000052c       0x64 CMakeFiles/FSP_Project.elf.dir/ra/aws/FreeRTOS/FreeRTOS/Source/tasks.c.obj
 .bss.pxCurrentTCB
                0x20000590        0x4 CMakeFiles/FSP_Project.elf.dir/ra/aws/FreeRTOS/FreeRTOS/Source/tasks.c.obj
                0x20000590                pxCurrentTCB
 .bss.xStaticTimerQueue.0
                0x20000594       0x48 CMakeFiles/FSP_Project.elf.dir/ra/aws/FreeRTOS/FreeRTOS/Source/timers.c.obj
 .bss.ucStaticTimerQueueStorage.1
                0x200005dc       0x78 CMakeFiles/FSP_Project.elf.dir/ra/aws/FreeRTOS/FreeRTOS/Source/timers.c.obj
 .bss.xLastTime.2
                0x20000654        0x4 CMakeFiles/FSP_Project.elf.dir/ra/aws/FreeRTOS/FreeRTOS/Source/timers.c.obj
 .bss.xTimerTaskHandle
                0x20000658        0x4 CMakeFiles/FSP_Project.elf.dir/ra/aws/FreeRTOS/FreeRTOS/Source/timers.c.obj
 .bss.xTimerQueue
                0x2000065c        0x4 CMakeFiles/FSP_Project.elf.dir/ra/aws/FreeRTOS/FreeRTOS/Source/timers.c.obj
 .bss.pxOverflowTimerList
                0x20000660        0x4 CMakeFiles/FSP_Project.elf.dir/ra/aws/FreeRTOS/FreeRTOS/Source/timers.c.obj
 .bss.pxCurrentTimerList
                0x20000664        0x4 CMakeFiles/FSP_Project.elf.dir/ra/aws/FreeRTOS/FreeRTOS/Source/timers.c.obj
 .bss.xActiveTimerList2
                0x20000668       0x14 CMakeFiles/FSP_Project.elf.dir/ra/aws/FreeRTOS/FreeRTOS/Source/timers.c.obj
 .bss.xActiveTimerList1
                0x2000067c       0x14 CMakeFiles/FSP_Project.elf.dir/ra/aws/FreeRTOS/FreeRTOS/Source/timers.c.obj
 .bss.SystemCoreClock
                0x20000690        0x4 CMakeFiles/FSP_Project.elf.dir/ra/fsp/src/bsp/cmsis/Device/RENESAS/Source/system.c.obj
                0x20000690                SystemCoreClock
 .bss.g_bsp_group_irq_sources
                0x20000694       0x40 CMakeFiles/FSP_Project.elf.dir/ra/fsp/src/bsp/mcu/all/bsp_group_irq.c.obj
                0x20000694                g_bsp_group_irq_sources
 .bss.g_protect_pfswe_counter
                0x200006d4        0x4 CMakeFiles/FSP_Project.elf.dir/ra/fsp/src/bsp/mcu/all/bsp_io.c.obj
                0x200006d4                g_protect_pfswe_counter
 .bss.g_protect_counters
                0x200006d8        0xa CMakeFiles/FSP_Project.elf.dir/ra/fsp/src/bsp/mcu/all/bsp_register_protection.c.obj
                0x200006d8                g_protect_counters
 *fill*         0x200006e2        0x2 
 .bss.g_mask_level_before_disable
                0x200006e4        0x4 CMakeFiles/FSP_Project.elf.dir/ra/fsp/src/rm_freertos_port/port.c.obj
 .bss.uxCriticalNesting
                0x200006e8        0x4 CMakeFiles/FSP_Project.elf.dir/ra/fsp/src/rm_freertos_port/port.c.obj
 .bss.blinky_thread
                0x200006ec        0x4 CMakeFiles/FSP_Project.elf.dir/ra_gen/blinky_thread.c.obj
                0x200006ec                blinky_thread
 .bss.blinky_thread_memory
                0x200006f0       0x60 CMakeFiles/FSP_Project.elf.dir/ra_gen/blinky_thread.c.obj
 .bss.g_ioport_ctrl
                0x20000750        0x8 CMakeFiles/FSP_Project.elf.dir/ra_gen/common_data.c.obj
                0x20000750                g_ioport_ctrl
 .bss.uxTimerTaskStack.3
                0x20000758      0x200 CMakeFiles/FSP_Project.elf.dir/ra_gen/main.c.obj
 .bss.xTimerTaskTCB.2
                0x20000958       0x60 CMakeFiles/FSP_Project.elf.dir/ra_gen/main.c.obj
 .bss.uxIdleTaskStack.1
                0x200009b8      0x200 CMakeFiles/FSP_Project.elf.dir/ra_gen/main.c.obj
 .bss.xIdleTaskTCB.0
                0x20000bb8       0x60 CMakeFiles/FSP_Project.elf.dir/ra_gen/main.c.obj
 .bss.g_fsp_common_initialized_semaphore_memory
                0x20000c18       0x48 CMakeFiles/FSP_Project.elf.dir/ra_gen/main.c.obj
                0x20000c18                g_fsp_common_initialized_semaphore_memory
 .bss.g_fsp_common_initialized_semaphore
                0x20000c60        0x4 CMakeFiles/FSP_Project.elf.dir/ra_gen/main.c.obj
                0x20000c60                g_fsp_common_initialized_semaphore
 .bss.g_fsp_common_initialized
                0x20000c64        0x1 CMakeFiles/FSP_Project.elf.dir/ra_gen/main.c.obj
                0x20000c64                g_fsp_common_initialized
 *fill*         0x20000c65        0x3 
 .bss.g_fsp_common_thread_count
                0x20000c68        0x4 CMakeFiles/FSP_Project.elf.dir/ra_gen/main.c.obj
                0x20000c68                g_fsp_common_thread_count
                0x20000c6c                        __ram_zero$$Limit = .

__ram_thread_stack$$
                0x20000c70      0x200 load address 0x00000040
                0x20000c70                        __ram_thread_stack$$Base = .
 *(.stack?*)
 .stack.blinky_thread
                0x20000c70      0x200 CMakeFiles/FSP_Project.elf.dir/ra_gen/blinky_thread.c.obj
                0x20000e70                        __ram_thread_stack$$Limit = .

.ram.endof      0x20001000        0x0
                0x20001000                        __ddsc_RAM_END = .

__flash_readonly$$
                0x00000040     0x2108
                0x00000040                        __flash_readonly$$Base = .
 *(.flash)
 *(.flash_code)
 *(.text*)
 .text.__do_global_dtors_aux
                0x00000040       0x24 C:/Tools/xpack-arm-none-eabi-gcc-14.2.1-1.1/bin/../lib/gcc/arm-none-eabi/14.2.1/thumb/v8-m.main+fp/hard/crtbegin.o
 .text.frame_dummy
                0x00000064       0x1c C:/Tools/xpack-arm-none-eabi-gcc-14.2.1-1.1/bin/../lib/gcc/arm-none-eabi/14.2.1/thumb/v8-m.main+fp/hard/crtbegin.o
 .text.vListInitialise
                0x00000080       0x18 CMakeFiles/FSP_Project.elf.dir/ra/aws/FreeRTOS/FreeRTOS/Source/list.c.obj
                0x00000080                vListInitialise
 .text.vListInitialiseItem
                0x00000098        0x8 CMakeFiles/FSP_Project.elf.dir/ra/aws/FreeRTOS/FreeRTOS/Source/list.c.obj
                0x00000098                vListInitialiseItem
 .text.vListInsert
                0x000000a0       0x30 CMakeFiles/FSP_Project.elf.dir/ra/aws/FreeRTOS/FreeRTOS/Source/list.c.obj
                0x000000a0                vListInsert
 .text.uxListRemove
                0x000000d0       0x28 CMakeFiles/FSP_Project.elf.dir/ra/aws/FreeRTOS/FreeRTOS/Source/list.c.obj
                0x000000d0                uxListRemove
 .text.prvUnlockQueue
                0x000000f8       0x8c CMakeFiles/FSP_Project.elf.dir/ra/aws/FreeRTOS/FreeRTOS/Source/queue.c.obj
 .text.prvCopyDataToQueue.isra.0
                0x00000184       0x5c CMakeFiles/FSP_Project.elf.dir/ra/aws/FreeRTOS/FreeRTOS/Source/queue.c.obj
 .text.xQueueGenericCreateStatic
                0x000001e0       0x78 CMakeFiles/FSP_Project.elf.dir/ra/aws/FreeRTOS/FreeRTOS/Source/queue.c.obj
                0x000001e0                xQueueGenericCreateStatic
 .text.xQueueCreateCountingSemaphoreStatic
                0x00000258       0x68 CMakeFiles/FSP_Project.elf.dir/ra/aws/FreeRTOS/FreeRTOS/Source/queue.c.obj
                0x00000258                xQueueCreateCountingSemaphoreStatic
 .text.xQueueGenericSend
                0x000002c0      0x110 CMakeFiles/FSP_Project.elf.dir/ra/aws/FreeRTOS/FreeRTOS/Source/queue.c.obj
                0x000002c0                xQueueGenericSend
 .text.xQueueReceive
                0x000003d0      0x118 CMakeFiles/FSP_Project.elf.dir/ra/aws/FreeRTOS/FreeRTOS/Source/queue.c.obj
                0x000003d0                xQueueReceive
 .text.xQueueSemaphoreTake
                0x000004e8       0xfc CMakeFiles/FSP_Project.elf.dir/ra/aws/FreeRTOS/FreeRTOS/Source/queue.c.obj
                0x000004e8                xQueueSemaphoreTake
 .text.vQueueAddToRegistry
                0x000005e4       0x54 CMakeFiles/FSP_Project.elf.dir/ra/aws/FreeRTOS/FreeRTOS/Source/queue.c.obj
                0x000005e4                vQueueAddToRegistry
 .text.vQueueWaitForMessageRestricted
                0x00000638       0x50 CMakeFiles/FSP_Project.elf.dir/ra/aws/FreeRTOS/FreeRTOS/Source/queue.c.obj
                0x00000638                vQueueWaitForMessageRestricted
 .text.prvAddCurrentTaskToDelayedList
                0x00000688       0xb8 CMakeFiles/FSP_Project.elf.dir/ra/aws/FreeRTOS/FreeRTOS/Source/tasks.c.obj
 .text.prvIdleTask
                0x00000740       0x68 CMakeFiles/FSP_Project.elf.dir/ra/aws/FreeRTOS/FreeRTOS/Source/tasks.c.obj
 .text.xTaskIncrementTick.part.0
                0x000007a8      0x154 CMakeFiles/FSP_Project.elf.dir/ra/aws/FreeRTOS/FreeRTOS/Source/tasks.c.obj
 .text.xTaskCreateStatic
                0x000008fc      0x1d0 CMakeFiles/FSP_Project.elf.dir/ra/aws/FreeRTOS/FreeRTOS/Source/tasks.c.obj
                0x000008fc                xTaskCreateStatic
 .text.vTaskStartScheduler
                0x00000acc       0x80 CMakeFiles/FSP_Project.elf.dir/ra/aws/FreeRTOS/FreeRTOS/Source/tasks.c.obj
                0x00000acc                vTaskStartScheduler
 .text.vTaskSuspendAll
                0x00000b4c       0x10 CMakeFiles/FSP_Project.elf.dir/ra/aws/FreeRTOS/FreeRTOS/Source/tasks.c.obj
                0x00000b4c                vTaskSuspendAll
 .text.xTaskResumeAll
                0x00000b5c      0x18c CMakeFiles/FSP_Project.elf.dir/ra/aws/FreeRTOS/FreeRTOS/Source/tasks.c.obj
                0x00000b5c                xTaskResumeAll
 .text.vTaskDelay
                0x00000ce8       0x38 CMakeFiles/FSP_Project.elf.dir/ra/aws/FreeRTOS/FreeRTOS/Source/tasks.c.obj
                0x00000ce8                vTaskDelay
 .text.xTaskGetTickCount
                0x00000d20        0xc CMakeFiles/FSP_Project.elf.dir/ra/aws/FreeRTOS/FreeRTOS/Source/tasks.c.obj
                0x00000d20                xTaskGetTickCount
 .text.xTaskIncrementTick
                0x00000d2c       0x20 CMakeFiles/FSP_Project.elf.dir/ra/aws/FreeRTOS/FreeRTOS/Source/tasks.c.obj
                0x00000d2c                xTaskIncrementTick
 .text.vTaskSwitchContext
                0x00000d4c       0x74 CMakeFiles/FSP_Project.elf.dir/ra/aws/FreeRTOS/FreeRTOS/Source/tasks.c.obj
                0x00000d4c                vTaskSwitchContext
 .text.vTaskPlaceOnEventList
                0x00000dc0       0x20 CMakeFiles/FSP_Project.elf.dir/ra/aws/FreeRTOS/FreeRTOS/Source/tasks.c.obj
                0x00000dc0                vTaskPlaceOnEventList
 .text.vTaskPlaceOnEventListRestricted
                0x00000de0       0x50 CMakeFiles/FSP_Project.elf.dir/ra/aws/FreeRTOS/FreeRTOS/Source/tasks.c.obj
                0x00000de0                vTaskPlaceOnEventListRestricted
 .text.xTaskRemoveFromEventList
                0x00000e30       0xd0 CMakeFiles/FSP_Project.elf.dir/ra/aws/FreeRTOS/FreeRTOS/Source/tasks.c.obj
                0x00000e30                xTaskRemoveFromEventList
 .text.vTaskInternalSetTimeOutState
                0x00000f00       0x18 CMakeFiles/FSP_Project.elf.dir/ra/aws/FreeRTOS/FreeRTOS/Source/tasks.c.obj
                0x00000f00                vTaskInternalSetTimeOutState
 .text.xTaskCheckForTimeOut
                0x00000f18       0x60 CMakeFiles/FSP_Project.elf.dir/ra/aws/FreeRTOS/FreeRTOS/Source/tasks.c.obj
                0x00000f18                xTaskCheckForTimeOut
 .text.vTaskMissedYield
                0x00000f78        0xc CMakeFiles/FSP_Project.elf.dir/ra/aws/FreeRTOS/FreeRTOS/Source/tasks.c.obj
                0x00000f78                vTaskMissedYield
 .text.prvCheckForValidListAndQueue
                0x00000f84       0x6c CMakeFiles/FSP_Project.elf.dir/ra/aws/FreeRTOS/FreeRTOS/Source/timers.c.obj
 .text.prvProcessExpiredTimer
                0x00000ff0       0x90 CMakeFiles/FSP_Project.elf.dir/ra/aws/FreeRTOS/FreeRTOS/Source/timers.c.obj
 .text.prvTimerTask
                0x00001080      0x214 CMakeFiles/FSP_Project.elf.dir/ra/aws/FreeRTOS/FreeRTOS/Source/timers.c.obj
 .text.xTimerCreateTimerTask
                0x00001294       0x58 CMakeFiles/FSP_Project.elf.dir/ra/aws/FreeRTOS/FreeRTOS/Source/timers.c.obj
                0x00001294                xTimerCreateTimerTask
 .text.bsp_init
                0x000012ec        0x4 CMakeFiles/FSP_Project.elf.dir/ra/board/ra6m5_ck/board_init.c.obj
                0x000012ec                bsp_init
 .text.Default_Handler
                0x000012f0        0x4 CMakeFiles/FSP_Project.elf.dir/ra/fsp/src/bsp/cmsis/Device/RENESAS/Source/startup.c.obj
                0x000012f0                HardFault_Handler
                0x000012f0                UsageFault_Handler
                0x000012f0                SecureFault_Handler
                0x000012f0                Default_Handler
                0x000012f0                MemManage_Handler
                0x000012f0                BusFault_Handler
                0x000012f0                DebugMon_Handler
 .text.Reset_Handler
                0x000012f4        0xc CMakeFiles/FSP_Project.elf.dir/ra/fsp/src/bsp/cmsis/Device/RENESAS/Source/startup.c.obj
                0x000012f4                Reset_Handler
 .text.SystemRuntimeInit
                0x00001300       0x64 CMakeFiles/FSP_Project.elf.dir/ra/fsp/src/bsp/cmsis/Device/RENESAS/Source/system.c.obj
 .text.SystemInit
                0x00001364       0xc0 CMakeFiles/FSP_Project.elf.dir/ra/fsp/src/bsp/cmsis/Device/RENESAS/Source/system.c.obj
                0x00001364                SystemInit
 .text.SystemCoreClockUpdate
                0x00001424       0x28 CMakeFiles/FSP_Project.elf.dir/ra/fsp/src/bsp/mcu/all/bsp_clocks.c.obj
                0x00001424                SystemCoreClockUpdate
 .text.bsp_clock_init
                0x0000144c       0xf0 CMakeFiles/FSP_Project.elf.dir/ra/fsp/src/bsp/mcu/all/bsp_clocks.c.obj
                0x0000144c                bsp_clock_init
 .text.R_BSP_Init_RTC
                0x0000153c       0x28 CMakeFiles/FSP_Project.elf.dir/ra/fsp/src/bsp/mcu/all/bsp_clocks.c.obj
                0x0000153c                R_BSP_Init_RTC
 .text.bsp_prv_software_delay_loop
                0x00001564        0xc CMakeFiles/FSP_Project.elf.dir/ra/fsp/src/bsp/mcu/all/bsp_delay.c.obj
                0x00001564                bsp_prv_software_delay_loop
 .text.R_BSP_SoftwareDelay
                0x00001570       0x8c CMakeFiles/FSP_Project.elf.dir/ra/fsp/src/bsp/mcu/all/bsp_delay.c.obj
                0x00001570                R_BSP_SoftwareDelay
 .text.NMI_Handler
                0x000015fc       0x3c CMakeFiles/FSP_Project.elf.dir/ra/fsp/src/bsp/mcu/all/bsp_group_irq.c.obj
                0x000015fc                NMI_Handler
 .text.bsp_irq_cfg
                0x00001638       0x68 CMakeFiles/FSP_Project.elf.dir/ra/fsp/src/bsp/mcu/all/bsp_irq.c.obj
                0x00001638                bsp_irq_cfg
 .text.R_BSP_RegisterProtectEnable
                0x000016a0       0x60 CMakeFiles/FSP_Project.elf.dir/ra/fsp/src/bsp/mcu/all/bsp_register_protection.c.obj
                0x000016a0                R_BSP_RegisterProtectEnable
 .text.R_BSP_RegisterProtectDisable
                0x00001700       0x54 CMakeFiles/FSP_Project.elf.dir/ra/fsp/src/bsp/mcu/all/bsp_register_protection.c.obj
                0x00001700                R_BSP_RegisterProtectDisable
 .text.R_IOPORT_PinRead
                0x00001754       0x24 CMakeFiles/FSP_Project.elf.dir/ra/fsp/src/r_ioport/r_ioport.c.obj
                0x00001754                R_IOPORT_PinRead
 .text.R_IOPORT_PinWrite
                0x00001778       0x20 CMakeFiles/FSP_Project.elf.dir/ra/fsp/src/r_ioport/r_ioport.c.obj
                0x00001778                R_IOPORT_PinWrite
 .text.bsp_vbatt_init
                0x00001798       0xe8 CMakeFiles/FSP_Project.elf.dir/ra/fsp/src/r_ioport/r_ioport.c.obj
 .text.r_ioport_pins_config
                0x00001880       0xac CMakeFiles/FSP_Project.elf.dir/ra/fsp/src/r_ioport/r_ioport.c.obj
 .text.R_IOPORT_Open
                0x0000192c       0x14 CMakeFiles/FSP_Project.elf.dir/ra/fsp/src/r_ioport/r_ioport.c.obj
                0x0000192c                R_IOPORT_Open
 .text.prvTaskExitError
                0x00001940        0x4 CMakeFiles/FSP_Project.elf.dir/ra/fsp/src/rm_freertos_port/port.c.obj
 .text.SVC_Handler
                0x00001944       0x18 CMakeFiles/FSP_Project.elf.dir/ra/fsp/src/rm_freertos_port/port.c.obj
                0x00001944                SVC_Handler
 .text.PendSV_Handler
                0x0000195c       0x44 CMakeFiles/FSP_Project.elf.dir/ra/fsp/src/rm_freertos_port/port.c.obj
                0x0000195c                PendSV_Handler
 .text.rm_freertos_port_restore_task_stackless
                0x000019a0       0x24 CMakeFiles/FSP_Project.elf.dir/ra/fsp/src/rm_freertos_port/port.c.obj
                0x000019a0                rm_freertos_port_restore_task_stackless
 .text.SysTick_Handler
                0x000019c4       0x24 CMakeFiles/FSP_Project.elf.dir/ra/fsp/src/rm_freertos_port/port.c.obj
                0x000019c4                SysTick_Handler
 .text.vPortSVCHandler_C
                0x000019e8       0x10 CMakeFiles/FSP_Project.elf.dir/ra/fsp/src/rm_freertos_port/port.c.obj
                0x000019e8                vPortSVCHandler_C
 .text.pxPortInitialiseStack
                0x000019f8       0x34 CMakeFiles/FSP_Project.elf.dir/ra/fsp/src/rm_freertos_port/port.c.obj
                0x000019f8                pxPortInitialiseStack
 .text.vPortEnterCritical
                0x00001a2c       0x24 CMakeFiles/FSP_Project.elf.dir/ra/fsp/src/rm_freertos_port/port.c.obj
                0x00001a2c                vPortEnterCritical
 .text.vPortExitCritical
                0x00001a50       0x1c CMakeFiles/FSP_Project.elf.dir/ra/fsp/src/rm_freertos_port/port.c.obj
                0x00001a50                vPortExitCritical
 .text.vApplicationIdleHook
                0x00001a6c       0x80 CMakeFiles/FSP_Project.elf.dir/ra/fsp/src/rm_freertos_port/port.c.obj
                0x00001a6c                vApplicationIdleHook
 .text.vPortSetupTimerInterrupt
                0x00001aec       0x44 CMakeFiles/FSP_Project.elf.dir/ra/fsp/src/rm_freertos_port/port.c.obj
                0x00001aec                vPortSetupTimerInterrupt
 .text.xPortStartScheduler
                0x00001b30       0x3c CMakeFiles/FSP_Project.elf.dir/ra/fsp/src/rm_freertos_port/port.c.obj
                0x00001b30                xPortStartScheduler
 .text.blinky_thread_func
                0x00001b6c       0x14 CMakeFiles/FSP_Project.elf.dir/ra_gen/blinky_thread.c.obj
 .text.blinky_thread_create
                0x00001b80       0x58 CMakeFiles/FSP_Project.elf.dir/ra_gen/blinky_thread.c.obj
                0x00001b80                blinky_thread_create
 .text.g_common_init
                0x00001bd8        0x4 CMakeFiles/FSP_Project.elf.dir/ra_gen/common_data.c.obj
                0x00001bd8                g_common_init
 .text.g_hal_init
                0x00001bdc        0x4 CMakeFiles/FSP_Project.elf.dir/ra_gen/hal_data.c.obj
                0x00001bdc                g_hal_init
 .text.rtos_startup_err_callback_internal
                0x00001be0        0x4 CMakeFiles/FSP_Project.elf.dir/ra_gen/main.c.obj
                0x00001be0                rtos_startup_err_callback
                0x00001be0                rtos_startup_err_callback_internal
 .text.rtos_startup_common_init
                0x00001be4       0x68 CMakeFiles/FSP_Project.elf.dir/ra_gen/main.c.obj
                0x00001be4                rtos_startup_common_init
 .text.startup.main
                0x00001c4c       0x44 CMakeFiles/FSP_Project.elf.dir/ra_gen/main.c.obj
                0x00001c4c                main
 .text.vApplicationGetIdleTaskMemory
                0x00001c90       0x1c CMakeFiles/FSP_Project.elf.dir/ra_gen/main.c.obj
                0x00001c90                vApplicationGetIdleTaskMemory
 .text.vApplicationGetTimerTaskMemory
                0x00001cac       0x1c CMakeFiles/FSP_Project.elf.dir/ra_gen/main.c.obj
                0x00001cac                vApplicationGetTimerTaskMemory
 .text.blinky_thread_entry
                0x00001cc8       0x48 CMakeFiles/FSP_Project.elf.dir/src/blinky_thread_entry.c.obj
                0x00001cc8                blinky_thread_entry
 .text.R_BSP_WarmStart
                0x00001d10       0x18 CMakeFiles/FSP_Project.elf.dir/src/hal_warmstart.c.obj
                0x00001d10                R_BSP_WarmStart
 .text.memset   0x00001d28       0x10 C:/Tools/xpack-arm-none-eabi-gcc-14.2.1-1.1/bin/../lib/gcc/arm-none-eabi/14.2.1/../../../../arm-none-eabi/lib/thumb/v8-m.main+fp/hard\libc_nano.a(libc_a-memset.o)
                0x00001d28                memset
 .text.memcpy   0x00001d38       0x1a C:/Tools/xpack-arm-none-eabi-gcc-14.2.1-1.1/bin/../lib/gcc/arm-none-eabi/14.2.1/../../../../arm-none-eabi/lib/thumb/v8-m.main+fp/hard\libc_nano.a(libc_a-memcpy-stub.o)
                0x00001d38                memcpy
 *(.rodata*)
 *fill*         0x00001d52        0x2 
 .rodata.uxTopUsedPriority
                0x00001d54        0x4 CMakeFiles/FSP_Project.elf.dir/ra/aws/FreeRTOS/FreeRTOS/Source/tasks.c.obj
 .rodata.prvCheckForValidListAndQueue.str1.4
                0x00001d58       0x1e CMakeFiles/FSP_Project.elf.dir/ra/aws/FreeRTOS/FreeRTOS/Source/timers.c.obj
                                  0x5 (size before relaxing)
 .rodata.xTimerCreateTimerTask.str1.4
                0x00001d76        0x8 CMakeFiles/FSP_Project.elf.dir/ra/aws/FreeRTOS/FreeRTOS/Source/timers.c.obj
 *fill*         0x00001d76        0x2 
 .rodata.g_interrupt_event_link_select
                0x00001d78        0x2 CMakeFiles/FSP_Project.elf.dir/ra/fsp/src/bsp/mcu/all/bsp_irq.c.obj
                0x00001d78                g_interrupt_event_link_select
 *fill*         0x00001d7a        0x2 
 .rodata.g_prcr_masks
                0x00001d7c        0xa CMakeFiles/FSP_Project.elf.dir/ra/fsp/src/bsp/mcu/all/bsp_register_protection.c.obj
 *fill*         0x00001d86        0x2 
 .rodata.g_init_info
                0x00001d88       0x18 CMakeFiles/FSP_Project.elf.dir/ra/fsp/src/bsp/mcu/ra6m5/bsp_linker.c.obj
                0x00001d88                g_init_info
 .rodata.nocache_list
                0x00001da0       0x10 CMakeFiles/FSP_Project.elf.dir/ra/fsp/src/bsp/mcu/ra6m5/bsp_linker.c.obj
 .rodata.copy_list
                0x00001db0       0x80 CMakeFiles/FSP_Project.elf.dir/ra/fsp/src/bsp/mcu/ra6m5/bsp_linker.c.obj
 .rodata.zero_list
                0x00001e30       0x30 CMakeFiles/FSP_Project.elf.dir/ra/fsp/src/bsp/mcu/ra6m5/bsp_linker.c.obj
 .rodata.g_vbatt_pins_input
                0x00001e60        0x6 CMakeFiles/FSP_Project.elf.dir/ra/fsp/src/r_ioport/r_ioport.c.obj
 .rodata.blinky_thread_create.str1.4
                0x00001e66        0xe CMakeFiles/FSP_Project.elf.dir/ra_gen/blinky_thread.c.obj
 *fill*         0x00001e66        0x2 
 .rodata.blinky_thread_parameters
                0x00001e68        0x4 CMakeFiles/FSP_Project.elf.dir/ra_gen/blinky_thread.c.obj
                0x00001e68                blinky_thread_parameters
 .rodata.g_bsp_pin_cfg
                0x00001e6c        0xc CMakeFiles/FSP_Project.elf.dir/ra_gen/pin_data.c.obj
                0x00001e6c                g_bsp_pin_cfg
 .rodata.g_bsp_pin_cfg_data
                0x00001e78      0x280 CMakeFiles/FSP_Project.elf.dir/ra_gen/pin_data.c.obj
                0x00001e78                g_bsp_pin_cfg_data
 *(.mcuboot_sce9_key)
 *(.version)
 .version       0x000020f8       0x50 CMakeFiles/FSP_Project.elf.dir/ra/fsp/src/bsp/mcu/all/bsp_common.c.obj
                0x00002148                        __flash_readonly$$Limit = .

.glue_7         0x00002148        0x0
 .glue_7        0x00002148        0x0 linker stubs

.glue_7t        0x00002148        0x0
 .glue_7t       0x00002148        0x0 linker stubs

.vfp11_veneer   0x00002148        0x0
 .vfp11_veneer  0x00002148        0x0 linker stubs

.v4_bx          0x00002148        0x0
 .v4_bx         0x00002148        0x0 linker stubs

.init           0x00002148        0x4
 .init          0x00002148        0x4 C:/Tools/xpack-arm-none-eabi-gcc-14.2.1-1.1/bin/../lib/gcc/arm-none-eabi/14.2.1/thumb/v8-m.main+fp/hard/crti.o
                0x00002148                _init

.fini           0x0000214c        0x4
 .fini          0x0000214c        0x4 C:/Tools/xpack-arm-none-eabi-gcc-14.2.1-1.1/bin/../lib/gcc/arm-none-eabi/14.2.1/thumb/v8-m.main+fp/hard/crti.o
                0x0000214c                _fini

.iplt           0x00002150        0x0
 .iplt          0x00002150        0x0 C:/Tools/xpack-arm-none-eabi-gcc-14.2.1-1.1/bin/../lib/gcc/arm-none-eabi/14.2.1/thumb/v8-m.main+fp/hard/crtbegin.o

__flash_ctor$$
 *crtbegin.o(.ctors)
 *crtbegin?.o(.ctors)
 EXCLUDE_FILE(*crtend.o *crtend?.o) *(.ctors)
 *(SORT_BY_NAME(.ctors.*))
 *(.ctors)
 *crtbegin.o(.dtors)
 *crtbegin?.o(.dtors)
 EXCLUDE_FILE(*crtend.o *crtend?.o) *(.dtors)
 *(SORT_BY_NAME(.dtors.*))
 *(.dtors)

__flash_preinit_array$$
                0x00002150        0x0
                0x00002150                        __preinit_array_start = .
 *(.preinit_array)
                0x00002150                        __preinit_array_end = .

__flash_.got$$
 *(.got.plt)
 *(.got)

__flash_init_array$$
                0x00002150        0x4
                0x00002150                        __init_array_start = .
 *(SORT_BY_NAME(.init_array.*))
 *(.init_array)
 .init_array    0x00002150        0x4 C:/Tools/xpack-arm-none-eabi-gcc-14.2.1-1.1/bin/../lib/gcc/arm-none-eabi/14.2.1/thumb/v8-m.main+fp/hard/crtbegin.o
                0x00002154                        __init_array_end = .

__flash_fini_array$$
                0x00002154        0x4
                0x00002154                        __fini_array_start = .
 *(SORT_BY_NAME(.fini_array.*))
 *(.fini_array)
 .fini_array    0x00002154        0x4 C:/Tools/xpack-arm-none-eabi-gcc-14.2.1-1.1/bin/../lib/gcc/arm-none-eabi/14.2.1/thumb/v8-m.main+fp/hard/crtbegin.o
                0x00002158                        __fini_array_end = .

.igot.plt       0x00002158        0x0
 .igot.plt      0x00002158        0x0 C:/Tools/xpack-arm-none-eabi-gcc-14.2.1-1.1/bin/../lib/gcc/arm-none-eabi/14.2.1/thumb/v8-m.main+fp/hard/crtbegin.o

__flash_arm.extab$$
 *(.ARM.extab*)
 *(.gnu.linkonce.armextab.*)

__flash_arm.exidx$$
                0x00002158        0x0
                0x00002158                        __exidx_start = .
 *(.ARM.exidx*)
 *(.gnu.linkonce.armexidx.*)
                0x00002158                        __exidx_end = .

.flash.endof    0x00002200        0x0
                0x00002200                        __ddsc_FLASH_END = .

.option_setting_ofs0.startof
                0x0100a100        0x0
                0x0100a100                        __ddsc_OPTION_SETTING_OFS0_START = .

__option_setting_ofs0_reg$$
                0x0100a100        0x4
                0x0100a100                        __option_setting_ofs0_reg$$Base = .
 *(.option_setting_ofs0)
 .option_setting_ofs0
                0x0100a100        0x4 CMakeFiles/FSP_Project.elf.dir/ra/fsp/src/bsp/mcu/ra6m5/bsp_linker.c.obj
                0x0100a104                        __option_setting_ofs0_reg$$Limit = .

.option_setting_ofs0.endof
                0x0100a104        0x0
                0x0100a104                        __ddsc_OPTION_SETTING_OFS0_END = .

.option_setting_dualsel.startof
                0x0100a110        0x0
                0x0100a110                        __ddsc_OPTION_SETTING_DUALSEL_START = .

__option_setting_dualsel_reg$$
                0x0100a110        0x0
                0x0100a110                        __option_setting_dualsel_reg$$Base = .
 *(.option_setting_dualsel)
                0x0100a110                        __option_setting_dualsel_reg$$Limit = .

.option_setting_dualsel.endof
                0x0100a110        0x0
                0x0100a110                        __ddsc_OPTION_SETTING_DUALSEL_END = .

.option_setting_ofs1.startof
                0x0100a180        0x0
                0x0100a180                        __ddsc_OPTION_SETTING_OFS1_START = .

__option_setting_ofs1_reg$$
                0x0100a180        0x0
                0x0100a180                        __option_setting_ofs1_reg$$Base = .
 *(.option_setting_ofs1)
                0x0100a180                        __option_setting_ofs1_reg$$Limit = .

.option_setting_ofs1.endof
                0x0100a180        0x0
                0x0100a180                        __ddsc_OPTION_SETTING_OFS1_END = .

.option_setting_banksel.startof
                0x0100a190        0x0
                0x0100a190                        __ddsc_OPTION_SETTING_BANKSEL_START = .

__option_setting_banksel_reg$$
                0x0100a190        0x0
                0x0100a190                        __option_setting_banksel_reg$$Base = .
 *(.option_setting_banksel)
                0x0100a190                        __option_setting_banksel_reg$$Limit = .

.option_setting_banksel.endof
                0x0100a190        0x0
                0x0100a190                        __ddsc_OPTION_SETTING_BANKSEL_END = .

.option_setting_bps.startof
                0x0100a1c0        0x0
                0x0100a1c0                        __ddsc_OPTION_SETTING_BPS_START = .

__option_setting_bps_reg$$
                0x0100a1c0        0x0
                0x0100a1c0                        __option_setting_bps_reg$$Base = .
 *(.option_setting_bps)
                0x0100a1c0                        __option_setting_bps_reg$$Limit = .

.option_setting_bps.endof
                0x0100a1c0        0x0
                0x0100a1c0                        __ddsc_OPTION_SETTING_BPS_END = .

.option_setting_pbps.startof
                0x0100a1e0        0x0
                0x0100a1e0                        __ddsc_OPTION_SETTING_PBPS_START = .

__option_setting_pbps_reg$$
                0x0100a1e0        0x0
                0x0100a1e0                        __option_setting_pbps_reg$$Base = .
 *(.option_setting_pbps)
                0x0100a1e0                        __option_setting_pbps_reg$$Limit = .

.option_setting_pbps.endof
                0x0100a1e0        0x0
                0x0100a1e0                        __ddsc_OPTION_SETTING_PBPS_END = .

.option_setting_ofs1_sec.startof
                0x0100a200        0x0
                0x0100a200                        __ddsc_OPTION_SETTING_OFS1_SEC_START = .

__option_setting_ofs1_sec_reg$$
                0x0100a200        0x4
                0x0100a200                        __option_setting_ofs1_sec_reg$$Base = .
 *(.option_setting_ofs1_sec)
 .option_setting_ofs1_sec
                0x0100a200        0x4 CMakeFiles/FSP_Project.elf.dir/ra/fsp/src/bsp/mcu/ra6m5/bsp_linker.c.obj
                0x0100a204                        __option_setting_ofs1_sec_reg$$Limit = .

.option_setting_ofs1_sec.endof
                0x0100a204        0x0
                0x0100a204                        __ddsc_OPTION_SETTING_OFS1_SEC_END = .

.option_setting_banksel_sec.startof
                0x0100a210        0x0
                0x0100a210                        __ddsc_OPTION_SETTING_BANKSEL_SEC_START = .

__option_setting_banksel_sec_reg$$
                0x0100a210        0x0
                0x0100a210                        __option_setting_banksel_sec_reg$$Base = .
 *(.option_setting_banksel_sec)
                0x0100a210                        __option_setting_banksel_sec_reg$$Limit = .

.option_setting_banksel_sec.endof
                0x0100a210        0x0
                0x0100a210                        __ddsc_OPTION_SETTING_BANKSEL_SEC_END = .

.option_setting_bps_sec.startof
                0x0100a240        0x0
                0x0100a240                        __ddsc_OPTION_SETTING_BPS_SEC_START = .

__option_setting_bps_sec_reg$$
                0x0100a240        0x0
                0x0100a240                        __option_setting_bps_sec_reg$$Base = .
 *(.option_setting_bps_sec)
                0x0100a240                        __option_setting_bps_sec_reg$$Limit = .

.option_setting_bps_sec.endof
                0x0100a240        0x0
                0x0100a240                        __ddsc_OPTION_SETTING_BPS_SEC_END = .

.option_setting_pbps_sec.startof
                0x0100a260        0x0
                0x0100a260                        __ddsc_OPTION_SETTING_PBPS_SEC_START = .

__option_setting_pbps_sec_reg$$
                0x0100a260        0x0
                0x0100a260                        __option_setting_pbps_sec_reg$$Base = .
 *(.option_setting_pbps_sec)
                0x0100a260                        __option_setting_pbps_sec_reg$$Limit = .

.option_setting_pbps_sec.endof
                0x0100a260        0x0
                0x0100a260                        __ddsc_OPTION_SETTING_PBPS_SEC_END = .

.option_setting_ofs1_sel.startof
                0x0100a280        0x0
                0x0100a280                        __ddsc_OPTION_SETTING_OFS1_SEL_START = .

__option_setting_ofs1_sel_reg$$
                0x0100a280        0x4
                0x0100a280                        __option_setting_ofs1_sel_reg$$Base = .
 *(.option_setting_ofs1_sel)
 .option_setting_ofs1_sel
                0x0100a280        0x4 CMakeFiles/FSP_Project.elf.dir/ra/fsp/src/bsp/mcu/ra6m5/bsp_linker.c.obj
                0x0100a284                        __option_setting_ofs1_sel_reg$$Limit = .

.eh_frame       0x0100a284        0x0
 .eh_frame      0x0100a284        0x0 C:/Tools/xpack-arm-none-eabi-gcc-14.2.1-1.1/bin/../lib/gcc/arm-none-eabi/14.2.1/thumb/v8-m.main+fp/hard/crtbegin.o

.rel.dyn        0x0100a284        0x0
 .rel.iplt      0x0100a284        0x0 C:/Tools/xpack-arm-none-eabi-gcc-14.2.1-1.1/bin/../lib/gcc/arm-none-eabi/14.2.1/thumb/v8-m.main+fp/hard/crtbegin.o

.option_setting_ofs1_sel.endof
                0x0100a284        0x0
                0x0100a284                        __ddsc_OPTION_SETTING_OFS1_SEL_END = .

.option_setting_banksel_sel.startof
                0x0100a290        0x0
                0x0100a290                        __ddsc_OPTION_SETTING_BANKSEL_SEL_START = .

__option_setting_banksel_sel_reg$$
                0x0100a290        0x0
                0x0100a290                        __option_setting_banksel_sel_reg$$Base = .
 *(.option_setting_banksel_sel)
                0x0100a290                        __option_setting_banksel_sel_reg$$Limit = .

.option_setting_banksel_sel.endof
                0x0100a290        0x0
                0x0100a290                        __ddsc_OPTION_SETTING_BANKSEL_SEL_END = .

.option_setting_bps_sel.startof
                0x0100a2c0        0x0
                0x0100a2c0                        __ddsc_OPTION_SETTING_BPS_SEL_START = .

__option_setting_bps_sel_reg$$
                0x0100a2c0        0x0
                0x0100a2c0                        __option_setting_bps_sel_reg$$Base = .
 *(.option_setting_bps_sel)
                0x0100a2c0                        __option_setting_bps_sel_reg$$Limit = .

.option_setting_bps_sel.endof
                0x0100a2c0        0x0
                0x0100a2c0                        __ddsc_OPTION_SETTING_BPS_SEL_END = .
OUTPUT(FSP_Project.elf elf32-littlearm)
LOAD linker stubs

.ARM.attributes
                0x00000000       0x36
 .ARM.attributes
                0x00000000       0x26 C:/Tools/xpack-arm-none-eabi-gcc-14.2.1-1.1/bin/../lib/gcc/arm-none-eabi/14.2.1/thumb/v8-m.main+fp/hard/crti.o
 .ARM.attributes
                0x00000026       0x38 C:/Tools/xpack-arm-none-eabi-gcc-14.2.1-1.1/bin/../lib/gcc/arm-none-eabi/14.2.1/thumb/v8-m.main+fp/hard/crtbegin.o
 .ARM.attributes
                0x0000005e       0x3a CMakeFiles/FSP_Project.elf.dir/ra/aws/FreeRTOS/FreeRTOS/Source/list.c.obj
 .ARM.attributes
                0x00000098       0x3a CMakeFiles/FSP_Project.elf.dir/ra/aws/FreeRTOS/FreeRTOS/Source/queue.c.obj
 .ARM.attributes
                0x000000d2       0x3a CMakeFiles/FSP_Project.elf.dir/ra/aws/FreeRTOS/FreeRTOS/Source/tasks.c.obj
 .ARM.attributes
                0x0000010c       0x3a CMakeFiles/FSP_Project.elf.dir/ra/aws/FreeRTOS/FreeRTOS/Source/timers.c.obj
 .ARM.attributes
                0x00000146       0x3a CMakeFiles/FSP_Project.elf.dir/ra/board/ra6m5_ck/board_init.c.obj
 .ARM.attributes
                0x00000180       0x3a CMakeFiles/FSP_Project.elf.dir/ra/fsp/src/bsp/cmsis/Device/RENESAS/Source/startup.c.obj
 .ARM.attributes
                0x000001ba       0x3a CMakeFiles/FSP_Project.elf.dir/ra/fsp/src/bsp/cmsis/Device/RENESAS/Source/system.c.obj
 .ARM.attributes
                0x000001f4       0x3a CMakeFiles/FSP_Project.elf.dir/ra/fsp/src/bsp/mcu/all/bsp_clocks.c.obj
 .ARM.attributes
                0x0000022e       0x3a CMakeFiles/FSP_Project.elf.dir/ra/fsp/src/bsp/mcu/all/bsp_common.c.obj
 .ARM.attributes
                0x00000268       0x3a CMakeFiles/FSP_Project.elf.dir/ra/fsp/src/bsp/mcu/all/bsp_delay.c.obj
 .ARM.attributes
                0x000002a2       0x3a CMakeFiles/FSP_Project.elf.dir/ra/fsp/src/bsp/mcu/all/bsp_group_irq.c.obj
 .ARM.attributes
                0x000002dc       0x3a CMakeFiles/FSP_Project.elf.dir/ra/fsp/src/bsp/mcu/all/bsp_io.c.obj
 .ARM.attributes
                0x00000316       0x3a CMakeFiles/FSP_Project.elf.dir/ra/fsp/src/bsp/mcu/all/bsp_irq.c.obj
 .ARM.attributes
                0x00000350       0x3a CMakeFiles/FSP_Project.elf.dir/ra/fsp/src/bsp/mcu/all/bsp_register_protection.c.obj
 .ARM.attributes
                0x0000038a       0x3a CMakeFiles/FSP_Project.elf.dir/ra/fsp/src/bsp/mcu/ra6m5/bsp_linker.c.obj
 .ARM.attributes
                0x000003c4       0x3a CMakeFiles/FSP_Project.elf.dir/ra/fsp/src/r_ioport/r_ioport.c.obj
 .ARM.attributes
                0x000003fe       0x3a CMakeFiles/FSP_Project.elf.dir/ra/fsp/src/rm_freertos_port/port.c.obj
 .ARM.attributes
                0x00000438       0x3a CMakeFiles/FSP_Project.elf.dir/ra_gen/blinky_thread.c.obj
 .ARM.attributes
                0x00000472       0x3a CMakeFiles/FSP_Project.elf.dir/ra_gen/common_data.c.obj
 .ARM.attributes
                0x000004ac       0x3a CMakeFiles/FSP_Project.elf.dir/ra_gen/hal_data.c.obj
 .ARM.attributes
                0x000004e6       0x3a CMakeFiles/FSP_Project.elf.dir/ra_gen/main.c.obj
 .ARM.attributes
                0x00000520       0x3a CMakeFiles/FSP_Project.elf.dir/ra_gen/pin_data.c.obj
 .ARM.attributes
                0x0000055a       0x3a CMakeFiles/FSP_Project.elf.dir/src/blinky_thread_entry.c.obj
 .ARM.attributes
                0x00000594       0x3a CMakeFiles/FSP_Project.elf.dir/src/hal_warmstart.c.obj
 .ARM.attributes
                0x000005ce       0x38 C:/Tools/xpack-arm-none-eabi-gcc-14.2.1-1.1/bin/../lib/gcc/arm-none-eabi/14.2.1/../../../../arm-none-eabi/lib/thumb/v8-m.main+fp/hard\libc_nano.a(libc_a-memset.o)
 .ARM.attributes
                0x00000606       0x38 C:/Tools/xpack-arm-none-eabi-gcc-14.2.1-1.1/bin/../lib/gcc/arm-none-eabi/14.2.1/../../../../arm-none-eabi/lib/thumb/v8-m.main+fp/hard\libc_nano.a(libc_a-memcpy-stub.o)

.comment        0x00000000       0x39
 .comment       0x00000000       0x39 C:/Tools/xpack-arm-none-eabi-gcc-14.2.1-1.1/bin/../lib/gcc/arm-none-eabi/14.2.1/thumb/v8-m.main+fp/hard/crtbegin.o
                                 0x3a (size before relaxing)
 .comment       0x00000039       0x3a CMakeFiles/FSP_Project.elf.dir/ra/aws/FreeRTOS/FreeRTOS/Source/list.c.obj
 .comment       0x00000039       0x3a CMakeFiles/FSP_Project.elf.dir/ra/aws/FreeRTOS/FreeRTOS/Source/queue.c.obj
 .comment       0x00000039       0x3a CMakeFiles/FSP_Project.elf.dir/ra/aws/FreeRTOS/FreeRTOS/Source/tasks.c.obj
 .comment       0x00000039       0x3a CMakeFiles/FSP_Project.elf.dir/ra/aws/FreeRTOS/FreeRTOS/Source/timers.c.obj
 .comment       0x00000039       0x3a CMakeFiles/FSP_Project.elf.dir/ra/board/ra6m5_ck/board_init.c.obj
 .comment       0x00000039       0x3a CMakeFiles/FSP_Project.elf.dir/ra/fsp/src/bsp/cmsis/Device/RENESAS/Source/startup.c.obj
 .comment       0x00000039       0x3a CMakeFiles/FSP_Project.elf.dir/ra/fsp/src/bsp/cmsis/Device/RENESAS/Source/system.c.obj
 .comment       0x00000039       0x3a CMakeFiles/FSP_Project.elf.dir/ra/fsp/src/bsp/mcu/all/bsp_clocks.c.obj
 .comment       0x00000039       0x3a CMakeFiles/FSP_Project.elf.dir/ra/fsp/src/bsp/mcu/all/bsp_common.c.obj
 .comment       0x00000039       0x3a CMakeFiles/FSP_Project.elf.dir/ra/fsp/src/bsp/mcu/all/bsp_delay.c.obj
 .comment       0x00000039       0x3a CMakeFiles/FSP_Project.elf.dir/ra/fsp/src/bsp/mcu/all/bsp_group_irq.c.obj
 .comment       0x00000039       0x3a CMakeFiles/FSP_Project.elf.dir/ra/fsp/src/bsp/mcu/all/bsp_io.c.obj
 .comment       0x00000039       0x3a CMakeFiles/FSP_Project.elf.dir/ra/fsp/src/bsp/mcu/all/bsp_irq.c.obj
 .comment       0x00000039       0x3a CMakeFiles/FSP_Project.elf.dir/ra/fsp/src/bsp/mcu/all/bsp_register_protection.c.obj
 .comment       0x00000039       0x3a CMakeFiles/FSP_Project.elf.dir/ra/fsp/src/bsp/mcu/ra6m5/bsp_linker.c.obj
 .comment       0x00000039       0x3a CMakeFiles/FSP_Project.elf.dir/ra/fsp/src/r_ioport/r_ioport.c.obj
 .comment       0x00000039       0x3a CMakeFiles/FSP_Project.elf.dir/ra/fsp/src/rm_freertos_port/port.c.obj
 .comment       0x00000039       0x3a CMakeFiles/FSP_Project.elf.dir/ra_gen/blinky_thread.c.obj
 .comment       0x00000039       0x3a CMakeFiles/FSP_Project.elf.dir/ra_gen/common_data.c.obj
 .comment       0x00000039       0x3a CMakeFiles/FSP_Project.elf.dir/ra_gen/hal_data.c.obj
 .comment       0x00000039       0x3a CMakeFiles/FSP_Project.elf.dir/ra_gen/main.c.obj
 .comment       0x00000039       0x3a CMakeFiles/FSP_Project.elf.dir/ra_gen/pin_data.c.obj
 .comment       0x00000039       0x3a CMakeFiles/FSP_Project.elf.dir/src/blinky_thread_entry.c.obj
 .comment       0x00000039       0x3a CMakeFiles/FSP_Project.elf.dir/src/hal_warmstart.c.obj
 .comment       0x00000039       0x3a C:/Tools/xpack-arm-none-eabi-gcc-14.2.1-1.1/bin/../lib/gcc/arm-none-eabi/14.2.1/../../../../arm-none-eabi/lib/thumb/v8-m.main+fp/hard\libc_nano.a(libc_a-memset.o)
 .comment       0x00000039       0x3a C:/Tools/xpack-arm-none-eabi-gcc-14.2.1-1.1/bin/../lib/gcc/arm-none-eabi/14.2.1/../../../../arm-none-eabi/lib/thumb/v8-m.main+fp/hard\libc_nano.a(libc_a-memcpy-stub.o)
